#-----------------------------------------------------------
# Vivado v2017.1 (64-bit)
# SW Build 1846317 on Fri Apr 14 18:54:47 MDT 2017
# IP Build 1846188 on Fri Apr 14 20:52:08 MDT 2017
# Start of session at: Thu Nov  9 14:16:25 2017
# Process ID: 24538
# Current directory: /home/arunkumar/Dropbox/Topics_in_queue/hardware_trojan/running_trojan_on_kc705/trojan_4_address_bus_corruption/designs/leon3-xilinx-kc705/vivado/leon3-xilinx-kc705/leon3-xilinx-kc705.runs/synth_1
# Command line: vivado -log leon3mp.vds -mode batch -messageDb vivado.pb -source leon3mp.tcl
# Log file: /home/arunkumar/Dropbox/Topics_in_queue/hardware_trojan/running_trojan_on_kc705/trojan_4_address_bus_corruption/designs/leon3-xilinx-kc705/vivado/leon3-xilinx-kc705/leon3-xilinx-kc705.runs/synth_1/leon3mp.vds
# Journal file: /home/arunkumar/Dropbox/Topics_in_queue/hardware_trojan/running_trojan_on_kc705/trojan_4_address_bus_corruption/designs/leon3-xilinx-kc705/vivado/leon3-xilinx-kc705/leon3-xilinx-kc705.runs/synth_1/vivado.jou
#-----------------------------------------------------------
source leon3mp.tcl
