#-----------------------------------------------------------
# Vivado v2017.1 (64-bit)
# SW Build 1846317 on Fri Apr 14 18:54:47 MDT 2017
# IP Build 1846188 on Fri Apr 14 20:52:08 MDT 2017
# Start of session at: Thu Nov  9 15:16:27 2017
# Process ID: 5082
# Current directory: /home/arunkumar/Dropbox/Topics_in_queue/hardware_trojan/running_trojan_on_kc705/trojan_1_NOP_insertion/designs/leon3-xilinx-kc705/vivado/leon3-xilinx-kc705
# Command line: vivado leon3-xilinx-kc705.xpr
# Log file: /home/arunkumar/Dropbox/Topics_in_queue/hardware_trojan/running_trojan_on_kc705/trojan_1_NOP_insertion/designs/leon3-xilinx-kc705/vivado/leon3-xilinx-kc705/vivado.log
# Journal file: /home/arunkumar/Dropbox/Topics_in_queue/hardware_trojan/running_trojan_on_kc705/trojan_1_NOP_insertion/designs/leon3-xilinx-kc705/vivado/leon3-xilinx-kc705/vivado.jou
#-----------------------------------------------------------
start_gui
open_project leon3-xilinx-kc705.xpr
update_compile_order -fileset sources_1
reset_run synth_1
launch_runs impl_1 -to_step write_bitstream -jobs 12
wait_on_run impl_1
reset_run impl_1 -prev_step 
launch_runs impl_1 -to_step write_bitstream -jobs 12
wait_on_run impl_1
