#-----------------------------------------------------------
# Vivado v2017.1 (64-bit)
# SW Build 1846317 on Fri Apr 14 18:54:47 MDT 2017
# IP Build 1846188 on Fri Apr 14 20:52:08 MDT 2017
# Start of session at: Fri Nov  3 14:15:31 2017
# Process ID: 1254
# Current directory: /home/arunkumar/Dropbox/Topics_in_queue/hardware_trojan/running_trojan_on_kc705/grlib-gpl-2017.2-b4194/designs/leon3-xilinx-kc705/vivado/leon3-xilinx-kc705
# Command line: vivado leon3-xilinx-kc705.xpr
# Log file: /home/arunkumar/Dropbox/Topics_in_queue/hardware_trojan/running_trojan_on_kc705/grlib-gpl-2017.2-b4194/designs/leon3-xilinx-kc705/vivado/leon3-xilinx-kc705/vivado.log
# Journal file: /home/arunkumar/Dropbox/Topics_in_queue/hardware_trojan/running_trojan_on_kc705/grlib-gpl-2017.2-b4194/designs/leon3-xilinx-kc705/vivado/leon3-xilinx-kc705/vivado.jou
#-----------------------------------------------------------
start_gui
open_project leon3-xilinx-kc705.xpr
set_property source_mgmt_mode None [current_project]
